jobs:
  my_job:
    runs-on: 'ubuntu-latest'

    container:
      image: 'ubuntu:20.04'

    services:
      nginx:
        image: 'nginx:1.21'

    steps:
    - uses: 'actions/checkout@v3'

    - uses: 'abcxyz/github-token-minter/.github/actions/mint-token@268f5db75d6ce3da57eb82ee513aa0fe7231d89b' # ratchet:abcxyz/github-token-minter@v0.0.24

    - uses: 'docker://ubuntu:20.04'
      with:
        uses: '/path/to/user.png'
        image: '/path/to/image.jpg'

    - runs: |-
        echo "Hello ðŸ˜€"
        if [ "true" == "false" ];
          echo "NOPE"
        fi

  final_job:
    uses: './local/path/to/action'
